     step     implicit     time     difference      x        mu1       mu2        sigma  
    ______    ________    ______    __________    ______    ______    ______    _________

     0.005     113.44       3.46      141.07      24.126     86.57    70.722     0.023345
    0.0005     695.66      3.461      635.79      24.537    501.34    481.68     0.007405
     1e-05     4733.1     3.4611      4627.2      24.538    3354.3    3339.3    0.0010728

峰值速度的独立差分相对误差 0.000234087
    lambda     minimum     median 
    ______    _________    _______

     1e-06      0.98209    0.99999
    0.0001      0.35415    0.99946
      0.01    0.0054535    0.94859

冻结题目 M2 complete residual=7.18871e-17 full=4.72181e-16 calls=569
冻结题目 M3 complete residual=5.20558e-18 full=4.52057e-16 calls=994
     step     implicit     time     difference      x        mu1       mu2        sigma  
    ______    ________    ______    __________    ______    ______    ______    _________

     0.005     113.44       3.46      141.07      24.126     86.57    70.722     0.023345
    0.0005     695.66      3.461      635.79      24.537    501.34    481.68     0.007405
     1e-05     4733.1     3.4611      4627.2      24.538    3354.3    3339.3    0.0010728

峰值速度的独立差分相对误差 0.000234087
    lambda     minimum      median 
    ______    __________    _______

     1e-06       0.53507    0.99999
    0.0001      0.011378    0.99945
      0.01    0.00011507    0.94813

冻结题目 M2 complete residual=1.40686e-17 full=4.72724e-16 calls=812
冻结题目 M3 complete residual=9.05162e-17 full=4.58461e-16 calls=928
时变诊断 slow complete RMSE=3.57849e-05 full=5.68268e-05 residual=6.0314e-05 calls=4704
时变诊断 normal complete RMSE=0.000396502 full=0.0131955 residual=0.00563667 calls=4941
时变诊断 fast complete RMSE=0.00152804 full=0.0184977 residual=0.0432778 calls=5198
时变诊断 gain1000 complete RMSE=7.15516e-05 full=0.00011374 residual=0.000120642 calls=4670
时变诊断 gain5000 complete RMSE=1.43007e-05 full=2.27166e-05 residual=2.41251e-05 calls=5039
M4 采样反馈使残差上升的点数 2
