GNN cases=360, Jacobian relative error=4.08967e-10, formula=0, symmetry=4.72253e-16
FTCGNN cases=270, formula=0
             gnn: [2×1 double]
      stationary: "GNN:StationaryResidual"
             ftc: [2×1 double]
    inconsistent: 0
        residual: 1

     mu        direct        stable       alpha     correct  
    _____    __________    ___________    _____    __________

        0             0         -5e-13      0           5e-21
    5e-13             0    -6.7763e-29      0           5e-21
    1e-09             0      9.995e-10      0           5e-21
    1e-08    1.4901e-08     9.9995e-09      0           5e-21
    2e-08    1.4901e-08     1.9999e-08      0           5e-21
      0.5           0.5            0.5      0      1.2505e-17

    example    time     step      sigma      predicted     direct      stable       error       errorstable    difference
    _______    ____    ______    ________    _________    ________    ________    __________    ___________    __________

       1       6.08     0.001     0.25961     0.25961      0.25961     0.25961     7.351e-06    2.1826e-13     6.8994e-21
       1       6.08    0.0001     0.25961     0.25961      0.25957     0.25961    4.6315e-05    8.4788e-13     6.8994e-21
       1       6.08     1e-06     0.25961     0.25961      0.25288     0.25961     0.0085276    1.7578e-10     6.8994e-21
       1       6.08     1e-08     0.25961     0.25961      0.14292     0.25961       0.21673    4.0708e-09     6.8994e-21
       1       6.08     1e-10     0.25961     0.25961      0.14292     0.25961       0.21673    1.2513e-06     6.8994e-21
       2       4.66     0.001    0.027149    0.027149     0.027149    0.027149     1.599e-09     1.599e-09     1.9241e-17
       2       4.66    0.0001    0.027149    0.027149     0.027149    0.027149    1.7381e-11    1.7065e-11     1.9241e-17
       2       4.66     1e-06    0.027149    0.027149     0.027149    0.027149    2.6865e-10    1.9797e-10     1.9241e-17
       2       4.66     1e-08    0.027149    0.027149     0.027149    0.027149    8.7397e-09    6.8009e-09     1.9241e-17
       2       4.66     1e-10    0.027149    0.027149     0.027149    0.027149    1.3833e-06    1.3145e-06     1.9241e-17

    example    time      direct        stable  
    _______    ____    __________    __________

       1          0    0.00091765    3.8593e-11
       1       0.17    0.00091189    4.3891e-11
       1          1    0.00089722    3.1578e-11
       1        2.3      0.001792    1.4868e-11
       1          5     0.0019337    2.0251e-11
       1         10    0.00094269    2.0614e-11
       2          0    7.6458e-11    4.0274e-11
       2       0.17    8.7469e-11     3.859e-11
       2          1    5.0164e-11    3.9223e-11
       2        2.3    4.4178e-11    1.4592e-11
       2          5     5.513e-11    2.5748e-11
       2         10    5.1918e-11     1.721e-11

    amplitude      direct        stable  
    _________    __________    __________

          1        0.010671      0.010671
         10      0.00010105    0.00010105
        100      1.0015e-06    1.0015e-06
      10000      1.0004e-10    1.0004e-10
      1e+08      1.5279e-17    5.8894e-17

Example 1: min sigma=0.259608, max condition=9.35756, max direct residual=6.75328e-16, stable=6.75328e-16
Example 2: min sigma=0.0271487, max condition=76.5787, max direct residual=4.09521e-12, stable=4.09521e-12
