MATLAB 25.2.0.3177638 (R2025b) Update 5，输出 29837 个时间点
开始 1/9 main M8
完成 main M8 calls=7882 xd=3.30809932e-09 gpeak=9.74097196e-06 residual=1.32973405e-08
开始 2/9 main M8a
完成 main M8a calls=8851 xd=3.4065465e-09 gpeak=1.69717773e-06 residual=1.34314786e-08
开始 3/9 precision M8
完成 precision M8 calls=15786 xd=2.94623818e-09 gpeak=9.797617e-06 residual=1.31508886e-08
开始 4/9 precision M8a
完成 precision M8a calls=16644 xd=2.96604228e-09 gpeak=1.60290155e-06 residual=9.13422023e-09
开始 5/9 ablation M8a fixed
完成 ablation M8a fixed calls=15742 xd=2.94750904e-09 gpeak=2.02312502e-06 residual=9.12811666e-09
开始 6/9 ablation M8 lp1e-9
完成 ablation M8 lp1e-9 calls=15806 xd=3.02010622e-09 gpeak=0.000115145145 residual=1.49051918e-07
开始 7/9 ablation M8 lp1e-8
完成 ablation M8 lp1e-8 calls=15755 xd=7.9633051e-09 gpeak=0.00116369272 residual=1.507259e-06
开始 8/9 ablation M8 h1e-6
完成 ablation M8 h1e-6 calls=15197 xd=3.02215711e-10 gpeak=1.15189068e-05 residual=1.49103944e-08
开始 9/9 ablation M8a h1e-6
完成 ablation M8a h1e-6 calls=16698 xd=2.96768444e-10 gpeak=1.61905478e-07 residual=9.13959756e-10
       group          label       model    rtol     atol       h       correct      complete    calls    parts    seconds        xd            x             g          residual     residualrmse      xdpeak        gpeak       prediction    predictionpeak    oraclepeak    speed     feedback      sigma        lcmin         lcmax      lpmin    lpmax     balance      condition      equality     inequality     tc4       tc6  
    ___________    ___________    _____    _____    _____    _____    __________    ________    _____    _____    _______    __________    __________    __________    __________    ____________    __________    __________    __________    ______________    __________    ______    ________    _________    __________    _________    _____    _____    __________    __________    __________    __________    ______    ______

    "main"         "M8"           "M8"     1e-07    1e-09    1e-05    "fixed"        true        7882    15764    3.2601     3.3081e-09    0.00050644    2.8701e-08    1.3297e-08     4.9137e-09     1.8826e-08     9.741e-06    0.00090536        0.40216         0.38018     4735.4      200       0.0010722         1e-06        1e-06    1e-10    1e-10    0.00044163    0.00028445     1.031e-08        0         0.0095    0.0095
    "main"         "M8a"          "M8A"    1e-07    1e-09    1e-05    "adaptive"     true        8851    17702     2.673     3.4065e-09    0.00050644    1.1117e-08    1.3431e-08     4.9774e-09     1.3356e-08    1.6972e-06    0.00022287       0.052905        0.031697     4735.7      200       0.0010722    1.1497e-08    0.0025345        0        0    6.4232e-13    0.00028445    1.2444e-08        0         0.0095    0.0095
    "precision"    "M8"           "M8"     1e-09    1e-11    1e-05    "fixed"        true       15786    31572    5.6456     2.9462e-09    0.00050644    2.8459e-08    1.3151e-08     4.5295e-09     1.8535e-08    9.7976e-06    0.00090706        0.40289         0.38018     4735.4      200       0.0010722         1e-06        1e-06    1e-10    1e-10    0.00044163    0.00028445    7.8586e-09        0         0.0095    0.0095
    "precision"    "M8a"          "M8A"    1e-09    1e-11    1e-05    "adaptive"     true       16644    33288    4.5692      2.966e-09    0.00050644    9.8642e-09    9.1342e-09      4.542e-09     1.3097e-08    1.6029e-06    0.00021919       0.051911        0.031697     4735.7      200       0.0010722    1.1497e-08    0.0025345        0        0     8.532e-13    0.00028445    3.0257e-09        0         0.0095    0.0095
    "ablation"     "M8a fixed"    "M8A"    1e-09    1e-11    1e-05    "fixed"        true       15742    31484     2.779     2.9475e-09    0.00050644    1.0587e-08    9.1281e-09     4.5294e-09     1.2995e-08    2.0231e-06    0.00022514       0.055643        0.031697     4735.7      200       0.0010722         1e-06        1e-06        0        0    6.7831e-13    0.00028445    3.0006e-09        0         0.0095    0.0095
    "ablation"     "M8 lp1e-9"    "M8"     1e-09    1e-11    1e-05    "fixed"        true       15806    31612    3.4758     3.0201e-09    0.00050644    3.2906e-07    1.4905e-07     4.5626e-09     2.3148e-07    0.00011515      0.010027          4.417          4.0838     4732.6      200       0.0010722         1e-06        1e-06    1e-09    1e-09     0.0044128    0.00028445     1.042e-07        0         0.0095    0.0095
    "ablation"     "M8 lp1e-8"    "M8"     1e-09    1e-11    1e-05    "fixed"        true       15755    31510    3.7153     7.9633e-09    0.00050644    3.3375e-06    1.5073e-06     7.2307e-09      2.351e-06     0.0011637       0.10082         44.188          40.804     4705.1      200       0.0010723         1e-06        1e-06    1e-08    1e-08      0.043783    0.00028445    1.0649e-06        0         0.0095    9.7444
    "ablation"     "M8 h1e-6"     "M8"     1e-09    1e-11    1e-06    "fixed"        true       15197    30394    3.9593     3.0222e-10    0.00050644    3.2913e-08     1.491e-08     4.5692e-10     2.3161e-08    1.1519e-05     0.0010033        0.44207         0.40871     4735.4      200       0.0010722         1e-06        1e-06    1e-10    1e-10    0.00044163    0.00028445    1.0423e-08        0         0.0095    0.0095
    "ablation"     "M8a h1e-6"    "M8A"    1e-09    1e-11    1e-06    "adaptive"     true       16698    33396     4.093     2.9677e-10    0.00050644    9.9653e-10    9.1396e-10     4.5473e-10     1.3086e-09    1.6191e-07    2.1973e-05       0.005205       0.0031665     4735.7      200       0.0010722    1.1497e-08    0.0025345        0        0    6.7036e-13    0.00028445    3.1461e-10        0         0.0095    0.0095

    origin       group          label       rtol     atol     delta     calls    seconds        xd            x             g           gpeak        residual                             file                         
    ______    ___________    ___________    _____    _____    ______    _____    _______    __________    __________    __________    __________    __________    _____________________________________________________

    "old"     "precision"    "M3"           1e-09    1e-11    0.0001    15285    1.6562     0.00045467    0.00067603     0.0074695       0.48376      0.018694    "experiments/gnn_predictor_20261006/data/run_05.mat" 
    "old"     "precision"    "M5"           1e-09    1e-11    0.0001    15860    2.2062     9.2296e-07    0.00050644    0.00036422      0.096832    0.00019638    "experiments/gnn_predictor_20261006/data/run_06.mat" 
    "old"     "precision"    "M6 k0.05"     1e-09    1e-11    0.0001    19100    2.2583     1.2036e-05     0.0005067    5.6504e-05      0.014389    1.6787e-05    "experiments/gnn_predictor_20261006/data/run_07.mat" 
    "old"     "precision"    "M6 k0.01"     1e-09    1e-11    0.0001    16727    2.8141     2.4065e-06    0.00050647    9.9718e-06     0.0024052    3.0428e-06    "experiments/gnn_predictor_20261006/extra/run_01.mat"
    "old"     "precision"    "M7"           1e-09    1e-11    0.0001    18811    2.6828     1.6566e-05    0.00050641    4.9967e-05      0.011928    1.7548e-05    "experiments/gnn_predictor_20261006/data/run_08.mat" 
    "old"     "precision"    "VFCR-S"       1e-09    1e-11    0.0001    20514    4.4391     8.5521e-10    0.00050644    2.5327e-09    2.2672e-07    4.0888e-09    "experiments/gnn_predictor_20261006/vfcr/run_02.mat" 
    "new"     "precision"    "M8"           1e-09    1e-11    0.0001    15786    5.6456     2.9462e-09    0.00050644    2.8459e-08    9.7976e-06    1.3151e-08    "experiments/gnn_m8_20261007/data/run_03.mat"        
    "new"     "precision"    "M8a"          1e-09    1e-11    0.0001    16644    4.5692      2.966e-09    0.00050644    9.8642e-09    1.6029e-06    9.1342e-09    "experiments/gnn_m8_20261007/data/run_04.mat"        
    "new"     "ablation"     "M8a fixed"    1e-09    1e-11    0.0001    15742     2.779     2.9475e-09    0.00050644    1.0587e-08    2.0231e-06    9.1281e-09    "experiments/gnn_m8_20261007/data/run_05.mat"        
    "new"     "ablation"     "M8 lp1e-9"    1e-09    1e-11    0.0001    15806    3.4758     3.0201e-09    0.00050644    3.2906e-07    0.00011515    1.4905e-07    "experiments/gnn_m8_20261007/data/run_06.mat"        
    "new"     "ablation"     "M8 lp1e-8"    1e-09    1e-11    0.0001    15755    3.7153     7.9633e-09    0.00050644    3.3375e-06     0.0011637    1.5073e-06    "experiments/gnn_m8_20261007/data/run_07.mat"        
    "new"     "ablation"     "M8 h1e-6"     1e-09    1e-11    0.0001    15197    3.9593     3.0222e-10    0.00050644    3.2913e-08    1.1519e-05     1.491e-08    "experiments/gnn_m8_20261007/data/run_08.mat"        
    "new"     "ablation"     "M8a h1e-6"    1e-09    1e-11    0.0001    16698     4.093     2.9677e-10    0.00050644    9.9653e-10    1.6191e-07    9.1396e-10    "experiments/gnn_m8_20261007/data/run_09.mat"        

