        points: 49837
          bias: 5.0644e-04
       oldbias: 4.9255e-04
    coarsebias: 4.9278e-04
      mainbias: 5.0644e-04
        passed: 1

       group       model        xd            x             g         xdrelative    xrelative     grelative      oldmeanx      coarsex  
    ___________    _____    __________    __________    __________    __________    __________    __________    __________    __________

    "main"         "M3"     0.00045466    0.00067603     0.0074694    2.5168e-05    9.8154e-06    3.9345e-06     0.0006281    0.00062834
    "main"         "M5"     9.2296e-07    0.00050645    0.00036422    7.2863e-06    6.1637e-06    1.5979e-08    0.00049255    0.00049279
    "main"         "M6"     1.2036e-05    0.00050671    5.6537e-05    1.7691e-05    5.4613e-06    0.00058483    0.00049277    0.00049301
    "main"         "M7"     1.6566e-05    0.00050641    5.0004e-05    7.5489e-06    5.9765e-06    0.00075471    0.00049253    0.00049277
    "precision"    "M3"     0.00045466    0.00067604     0.0074694    2.5167e-05    9.8138e-06    3.9344e-06     0.0006281    0.00062834
    "precision"    "M5"     9.2296e-07    0.00050645    0.00036422    7.0696e-06    6.1658e-06    1.6013e-08    0.00049255    0.00049279
    "precision"    "M6"     1.2036e-05    0.00050671    5.6537e-05    1.7608e-05    5.4577e-06    0.00058493    0.00049277    0.00049301
    "precision"    "M7"     1.6566e-05    0.00050641    5.0004e-05     7.559e-06    5.9769e-06    0.00075485    0.00049253    0.00049277

     refined         main         coarse       oldmean  
    __________    __________    __________    __________

    0.00050644    0.00050644    0.00049278    0.00049255

      group      model        xd            x             g           gpeak      xdrelative    xrelative     grelative     limited    duration    fraction
    _________    _____    __________    __________    __________    _________    __________    __________    __________    _______    ________    ________

    "kappa01"    "M6"     2.4065e-06    0.00050647    9.9794e-06    0.0024052    1.7593e-05    5.9942e-06    0.00075852       0             0            0
    "unit"       "M7"     1.2036e-05    0.00050671    5.6537e-05     0.014389    1.7608e-05    5.4577e-06    0.00058493      34       0.01675     0.001675

        points: 49837
          bias: 5.0644e-04
       oldbias: 4.9255e-04
    coarsebias: 4.9278e-04
      mainbias: 5.0644e-04
         extra: 'a5bdee025b35d2a39a8134cbebe6b52d3568b9287ad1092ede71a1a23e049cd9'
        passed: 1

       group       model        xd            x             g         xdrelative    xrelative     grelative      oldmeanx      coarsex  
    ___________    _____    __________    __________    __________    __________    __________    __________    __________    __________

    "main"         "M3"     0.00045466    0.00067603     0.0074694    2.5168e-05    9.8154e-06    3.9345e-06     0.0006281    0.00062834
    "main"         "M5"     9.2296e-07    0.00050645    0.00036422    7.2863e-06    6.1637e-06    1.5979e-08    0.00049255    0.00049279
    "main"         "M6"     1.2036e-05    0.00050671    5.6537e-05    1.7691e-05    5.4613e-06    0.00058483    0.00049277    0.00049301
    "main"         "M7"     1.6566e-05    0.00050641    5.0004e-05    7.5489e-06    5.9765e-06    0.00075471    0.00049253    0.00049277
    "precision"    "M3"     0.00045466    0.00067604     0.0074694    2.5167e-05    9.8138e-06    3.9344e-06     0.0006281    0.00062834
    "precision"    "M5"     9.2296e-07    0.00050645    0.00036422    7.0696e-06    6.1658e-06    1.6013e-08    0.00049255    0.00049279
    "precision"    "M6"     1.2036e-05    0.00050671    5.6537e-05    1.7608e-05    5.4577e-06    0.00058493    0.00049277    0.00049301
    "precision"    "M7"     1.6566e-05    0.00050641    5.0004e-05     7.559e-06    5.9769e-06    0.00075485    0.00049253    0.00049277

     refined         main         coarse       oldmean  
    __________    __________    __________    __________

    0.00050644    0.00050644    0.00049278    0.00049255

      group      model        xd            x             g           gpeak      xdrelative    xrelative     grelative     limited    duration    fraction
    _________    _____    __________    __________    __________    _________    __________    __________    __________    _______    ________    ________

    "kappa01"    "M6"     2.4065e-06    0.00050647    9.9794e-06    0.0024052    1.7593e-05    5.9942e-06    0.00075852       0             0            0
    "unit"       "M7"     1.2036e-05    0.00050671    5.6537e-05     0.014389    1.7608e-05    5.4577e-06    0.00058493      34       0.01675     0.001675

