独立验收 1/8 M3
独立验收 1/8 M3
独立验收 2/8 M5
独立验收 3/8 M6
独立验收 4/8 M7
独立验收 5/8 M3
独立验收 6/8 M5
独立验收 7/8 M6
独立验收 8/8 M7
        source: "C:\Users\anzai\Documents\znn_new\experiments\gnn_predictor_20261006\data"
          hash: 1
     reference: 0
      residual: 3.4778e-12
      velocity: 0
    derivative: 5.2733e-15
      complete: 1
          same: 1
        passed: 1

       group       model    complete    hash     same     interpolation    metric     weighted         xd            x             g         prediction     residual 
    ___________    _____    ________    _____    _____    _____________    ______    __________    __________    __________    __________    __________    __________

    "main"         "M3"      true       true     true           0            0       7.1054e-15    0.00045467    0.00067603     0.0074695      20.526        0.018694
    "main"         "M5"      true       true     true           0            0       2.7534e-14    9.2297e-07    0.00050644    0.00036422      6.5845      0.00019638
    "main"         "M6"      true       true     true           0            0       4.4409e-16    1.2036e-05     0.0005067    5.6504e-05      1.2357      1.6786e-05
    "main"         "M7"      true       true     true           0            0       4.4409e-16    1.6566e-05    0.00050641    4.9966e-05      1.1917      1.7548e-05
    "precision"    "M3"      true       true     true           0            0       7.1054e-15    0.00045467    0.00067603     0.0074695      20.526        0.018694
    "precision"    "M5"      true       true     true           0            0       2.8422e-14    9.2296e-07    0.00050644    0.00036422      6.5845      0.00019638
    "precision"    "M6"      true       true     true           0            0       6.7763e-21    1.2036e-05     0.0005067    5.6504e-05      1.2357      1.6787e-05
    "precision"    "M7"      true       true     true           0            0       2.2204e-16    1.6566e-05    0.00050641    4.9967e-05      1.1917      1.7548e-05

       group       model     dense_xd     sparse_xd      dense_x       sparse_x      dense_g       sparse_g     dense_gpeak    sparse_gpeak    dense_residual    sparse_residual    dense_xdpeak    sparse_xdpeak
    ___________    _____    __________    __________    __________    __________    __________    __________    ___________    ____________    ______________    _______________    ____________    _____________

    "main"         "M3"     0.00045467    0.00039663    0.00067603    0.00062834     0.0074695      0.013202      0.48376          0.41707         0.018694         0.0056367          0.017831       0.0052805  
    "main"         "M5"     9.2297e-07    4.3841e-08    0.00050644    0.00049279    0.00036422    2.4672e-07     0.096832        6.327e-06       0.00019638        1.8444e-07        0.00017992      1.0581e-06  
    "main"         "M6"     1.2036e-05    1.1965e-05     0.0005067    0.00049301    5.6504e-05    2.4731e-05     0.014389       0.00027233       1.6786e-05        1.5223e-05        6.0804e-05      5.0178e-05  
    "main"         "M7"     1.6566e-05    1.6527e-05    0.00050641    0.00049277    4.9966e-05    2.5626e-05     0.011928        0.0002368       1.7548e-05        1.7547e-05        6.1925e-05        5.57e-05  
    "precision"    "M3"     0.00045467    0.00039663    0.00067603    0.00062834     0.0074695      0.013202      0.48376          0.41707         0.018694         0.0056367          0.017831       0.0052805  
    "precision"    "M5"     9.2296e-07     4.374e-08    0.00050644    0.00049279    0.00036422    2.4671e-07     0.096832       6.3235e-06       0.00019638        1.8434e-07        0.00017992      1.0574e-06  
    "precision"    "M6"     1.2036e-05    1.1965e-05     0.0005067    0.00049301    5.6504e-05    2.4731e-05     0.014389       0.00027233       1.6787e-05        1.5223e-05        6.0804e-05      5.0179e-05  
    "precision"    "M7"     1.6566e-05    1.6527e-05    0.00050641    0.00049277    4.9967e-05    2.5627e-05     0.011928       0.00023679       1.7548e-05        1.7547e-05        6.1925e-05        5.57e-05  

       group       model     x      mu1       mu2      alpha      common      metadata     margin      limited    duration    fraction    tailduration    tailfraction
    ___________    _____    ___    ______    ______    _____    __________    ________    _________    _______    ________    ________    ____________    ____________

    "main"         "M7"     100    3355.6    3340.3      0      2.8645e-16       0        -1.01e-05      34       0.01675     0.001675         0               0      
    "precision"    "M7"     100    3355.6    3340.3      0      3.0294e-16       0        -1.01e-07      34       0.01675     0.001675         0               0      

    model      xpeak         gpeak         xtail         gtail        main_xd      strict_xd     xdabsolute    xdrelative    main_residual    strict_residual
    _____    __________    __________    __________    __________    __________    __________    __________    __________    _____________    _______________

    "M3"     1.9063e-07    1.9799e-07    1.5271e-09    3.0521e-09    0.00045467    0.00045467    4.9904e-11    1.0976e-07       0.018694          0.018694   
    "M5"     1.3977e-07    1.4469e-07     1.415e-09    3.0022e-09    9.2297e-07    9.2296e-07    5.0922e-12    5.5172e-06     0.00019638        0.00019638   
    "M6"     1.5587e-07    2.0501e-07    1.5284e-09    3.3229e-09    1.2036e-05    1.2036e-05     5.389e-11    4.4773e-06     1.6786e-05        1.6787e-05   
    "M7"     7.7219e-08       1.2e-07    1.4605e-09    3.0503e-09    1.6566e-05    1.6566e-05    2.3554e-11    1.4219e-06     1.7548e-05        1.7548e-05   

验收通过；限速 duration 是按时间积分的采样估计，limited 仍是点数。
