MATLAB 25.2.0.3177638 (R2025b) Update 5
输出 29837 个时间点
参考残差最大 3.47777293e-12，参考速度峰 4735.70832
开始 1/8 main M3
完成 main M3 calls=8149 xd=0.00045467259 x=0.000676028358 gpeak=0.483759234 residual=0.0186937843
开始 2/8 main M5
完成 main M5 calls=7851 xd=9.22969424e-07 x=0.000506444744 gpeak=0.0968316353 residual=0.000196378059
开始 3/8 main M6
完成 main M6 calls=10299 xd=1.2036325e-05 x=0.000506704668 gpeak=0.0143889519 residual=1.67863914e-05
开始 4/8 main M7
完成 main M7 calls=10007 xd=1.65658798e-05 x=0.000506406901 gpeak=0.0119277816 residual=1.75480565e-05
开始 5/8 precision M3
完成 precision M3 calls=15285 xd=0.00045467264 x=0.000676028381 gpeak=0.483759226 residual=0.0186938257
开始 6/8 precision M5
完成 precision M5 calls=15860 xd=9.22964331e-07 x=0.000506444741 gpeak=0.0968315466 residual=0.000196378041
开始 7/8 precision M6
完成 precision M6 calls=19100 xd=1.20362711e-05 x=0.000506704668 gpeak=0.0143891275 residual=1.6786526e-05
开始 8/8 precision M7
完成 precision M7 calls=18811 xd=1.65658562e-05 x=0.000506406901 gpeak=0.0119278948 residual=1.75479487e-05
       group       rtol     atol     model    complete    calls    parts    seconds        xd            x             g          residual       xdpeak        xpeak       gpeak      prediction    predictionpeak    oraclepeak    speed       sigma      lambdamin     lambdamax     alpha     limited     equality     inequality     tc4       tc6  
    ___________    _____    _____    _____    ________    _____    _____    _______    __________    __________    __________    __________    __________    _________    ________    __________    ______________    __________    ______    _________    __________    _________    _______    _______    __________    __________    ______    ______

    "main"         1e-07    1e-09    "M3"      true        8149     8149    1.4597     0.00045467    0.00067603     0.0074695      0.018694      0.017831     0.017704     0.48376      20.526          4735.7          4735.7         200    0.0010654         1e-06       1e-06           1       0          0.01711        0            Inf       Inf
    "main"         1e-07    1e-09    "M5"      true        7851    15702    1.1393     9.2297e-07    0.00050644    0.00036422    0.00019638    0.00017992    0.0093683    0.096832      6.5845          2234.9          2202.9      2728.8    0.0010732         1e-06       1e-06           1       0       0.00013886        0         9.7445    9.7447
    "main"         1e-07    1e-09    "M6"      true       10299    20598    1.3923     1.2036e-05     0.0005067    5.6504e-05    1.6786e-05    6.0804e-05    0.0093592    0.014389      1.2357          393.45          225.48      4671.2    0.0010724    5.7498e-08    0.012673           1       0       1.1888e-05        0         0.0095       Inf
    "main"         1e-07    1e-09    "M7"      true       10007    20014    1.6148     1.6566e-05    0.00050641    4.9966e-05    1.7548e-05    6.1925e-05    0.0093483    0.011928      1.1917          372.54          225.49      4734.7    0.0010725    5.7482e-06    0.049602     0.50355      34       1.4465e-05        0         0.0175       Inf
    "precision"    1e-09    1e-11    "M3"      true       15285    15285    1.6562     0.00045467    0.00067603     0.0074695      0.018694      0.017831     0.017705     0.48376      20.526          4735.7          4735.7         200    0.0010654         1e-06       1e-06           1       0          0.01711        0            Inf       Inf
    "precision"    1e-09    1e-11    "M5"      true       15860    31720    2.2062     9.2296e-07    0.00050644    0.00036422    0.00019638    0.00017992    0.0093683    0.096832      6.5845          2234.9          2202.9      2728.8    0.0010732         1e-06       1e-06           1       0       0.00013886        0         9.7445    9.7447
    "precision"    1e-09    1e-11    "M6"      true       19100    38200    2.2583     1.2036e-05     0.0005067    5.6504e-05    1.6787e-05    6.0804e-05    0.0093592    0.014389      1.2357          393.45          225.48      4671.2    0.0010724    5.7498e-08    0.012673           1       0       1.1888e-05        0         0.0095       Inf
    "precision"    1e-09    1e-11    "M7"      true       18811    37622    2.6828     1.6566e-05    0.00050641    4.9967e-05    1.7548e-05    6.1925e-05    0.0093483    0.011928      1.1917          372.54          225.49      4734.7    0.0010725    5.7482e-06    0.049602     0.50355      34       1.4465e-05        0         0.0175       Inf

    model      gdiff         xdiff        rmserel      residualrel
    _____    __________    __________    __________    ___________

    "M3"     1.9799e-07    1.9063e-07    1.0976e-07    2.2101e-06 
    "M5"     1.4469e-07    1.3977e-07    5.5172e-06    9.3011e-08 
    "M6"     2.0501e-07    1.5587e-07    4.4773e-06    8.0133e-06 
    "M7"        1.2e-07    7.7219e-08    1.4219e-06    6.1461e-06 

