    delta       t       order      h       timeerror     velocityerror      sigma         speed   
    ______    ______    _____    ______    __________    _____________    __________    __________

    0.0001    3.4611      1      0.0001    0.00066666        0.31687       0.0010722        4735.7
    0.0001    3.4611      1       1e-05    6.6676e-05       0.031697       0.0010722        4735.7
    0.0001    3.4611      1       1e-06    6.6683e-06      0.0031706       0.0010722        4735.7
    0.0001    3.4611      2      0.0001     3.497e-07     0.00022103       0.0010722        4735.7
    0.0001    3.4611      2       1e-05    3.5619e-09     2.2265e-06       0.0010722        4735.7
    0.0001    3.4611      2       1e-06     4.178e-09     1.9556e-06       0.0010722        4735.7
    0.0001    9.7443      1      0.0001    0.00066666        0.31687       0.0010722        4735.7
    0.0001    9.7443      1       1e-05    6.6676e-05       0.031697       0.0010722        4735.7
    0.0001    9.7443      1       1e-06    6.6641e-06      0.0031663       0.0010722        4735.7
    0.0001    9.7443      2      0.0001    3.4963e-07       0.000221       0.0010722        4735.7
    0.0001    9.7443      2       1e-05    3.0592e-09     2.0123e-06       0.0010722        4735.7
    0.0001    9.7443      2       1e-06    1.3908e-08     7.6578e-06       0.0010722        4735.7
     1e-05    3.4611      1      0.0001    0.00066923         3.1043      0.00010964         46273
     1e-05    3.4611      1       1e-05    6.6934e-05        0.31053      0.00010964         46273
     1e-05    3.4611      1       1e-06    6.6941e-06       0.031061      0.00010964         46273
     1e-05    3.4611      2      0.0001    3.4948e-07      0.0021605      0.00010964         46273
     1e-05    3.4611      2       1e-05    3.6061e-09     2.1994e-05      0.00010964         46273
     1e-05    3.4611      2       1e-06    4.3246e-09     1.7738e-05      0.00010964         46273
     1e-05    9.7443      1      0.0001    0.00066923         3.1043      0.00010964         46273
     1e-05    9.7443      1       1e-05    6.6933e-05        0.31053      0.00010964         46273
     1e-05    9.7443      1       1e-06    6.6898e-06       0.031019      0.00010964         46273
     1e-05    9.7443      2      0.0001     3.494e-07      0.0021602      0.00010964         46273
     1e-05    9.7443      2       1e-05    3.0687e-09     1.9735e-05      0.00010964         46273
     1e-05    9.7443      2       1e-06    1.4159e-08      7.609e-05      0.00010964         46273
     1e-06    3.4611      1      0.0001    0.00069506         17.827      1.9095e-05    2.6566e+05
     1e-06    3.4611      1       1e-05    6.9517e-05         1.7833      1.9095e-05    2.6566e+05
     1e-06    3.4611      1       1e-06    6.9526e-06        0.17838      1.9095e-05    2.6566e+05
     1e-06    3.4611      2      0.0001    3.4649e-07       0.012405      1.9095e-05    2.6566e+05
     1e-06    3.4611      2       1e-05    3.5501e-09      0.0001257      1.9095e-05    2.6566e+05
     1e-06    3.4611      2       1e-06    4.3801e-09     0.00011235      1.9095e-05    2.6566e+05
     1e-06    9.7443      1      0.0001    0.00069506         17.827      1.9095e-05    2.6566e+05
     1e-06    9.7443      1       1e-05    6.9517e-05         1.7832      1.9095e-05    2.6566e+05
     1e-06    9.7443      1       1e-06    6.9479e-06        0.17813      1.9095e-05    2.6566e+05
     1e-06    9.7443      2      0.0001    3.4641e-07       0.012403      1.9095e-05    2.6566e+05
     1e-06    9.7443      2       1e-05    3.0506e-09     0.00011294      1.9095e-05    2.6566e+05
     1e-06    9.7443      2       1e-06    1.3783e-08     0.00042833      1.9095e-05    2.6566e+05

      h        amp       fd        bdf      expectedfd    expectedbdf    velocityfd    velocitybdf
    ______    _____    ______    _______    __________    ___________    __________    ___________

    0.0001    1e-05    0.1415    0.25516     0.14142        0.25495        132.46        239.02   
     1e-05    1e-05     1.415     2.5516      1.4142         2.5495        1324.6        2390.2   
     1e-06    1e-05     14.15     25.516      14.142         25.495         13246         23902   

