验证 1/37
验证 2/37
验证 3/37
验证 4/37
验证 5/37
验证 6/37
验证 7/37
验证 8/37
验证 9/37
验证 10/37
验证 11/37
验证 12/37
验证 13/37
验证 14/37
验证 15/37
验证 16/37
验证 17/37
验证 18/37
验证 19/37
验证 20/37
验证 21/37
验证 22/37
验证 23/37
验证 24/37
验证 25/37
验证 26/37
验证 27/37
验证 28/37
验证 29/37
验证 30/37
验证 31/37
验证 32/37
验证 33/37
    delta      residual       sigma        speed         bias        identity      polished       gshift        xshift  
    ______    __________    __________    ________    __________    __________    __________    __________    __________

    0.0001    3.8901e-12     0.0010722      4735.7    0.00050644    6.3988e-15    6.7637e-16    1.0293e-11    2.0107e-15
     1e-05    3.7972e-11    0.00010879       46634    8.5697e-05    5.5572e-15    4.9745e-16    1.1177e-10    2.0107e-15
     1e-06    4.4177e-10    1.0909e-05    4.65e+05    1.4661e-05    5.7195e-15     6.488e-16    1.0984e-09    2.1094e-15

验证完成 33/37
