MATLAB 25.2.0.3177638 (R2025b) Update 5
输出 29837 个时间点
参考残差最大 3.47777293e-12，参考速度峰 4735.70832
开始 1/8 main M3
未完成 M3 main：Attempt to add "sol" to a static workspace.
完成 main M3 calls=0 xd=NaN x=NaN gpeak=NaN residual=NaN
开始 2/8 main M5
未完成 M5 main：Attempt to add "sol" to a static workspace.
完成 main M5 calls=0 xd=NaN x=NaN gpeak=NaN residual=NaN
开始 3/8 main M6
未完成 M6 main：Attempt to add "sol" to a static workspace.
完成 main M6 calls=0 xd=NaN x=NaN gpeak=NaN residual=NaN
开始 4/8 main M7
未完成 M7 main：Attempt to add "sol" to a static workspace.
完成 main M7 calls=0 xd=NaN x=NaN gpeak=NaN residual=NaN
开始 5/8 precision M3
未完成 M3 precision：Attempt to add "sol" to a static workspace.
完成 precision M3 calls=0 xd=NaN x=NaN gpeak=NaN residual=NaN
开始 6/8 precision M5
未完成 M5 precision：Attempt to add "sol" to a static workspace.
完成 precision M5 calls=0 xd=NaN x=NaN gpeak=NaN residual=NaN
开始 7/8 precision M6
未完成 M6 precision：Attempt to add "sol" to a static workspace.
完成 precision M6 calls=0 xd=NaN x=NaN gpeak=NaN residual=NaN
开始 8/8 precision M7
未完成 M7 precision：Attempt to add "sol" to a static workspace.
完成 precision M7 calls=0 xd=NaN x=NaN gpeak=NaN residual=NaN
       group       rtol     atol     model    complete    calls    parts     seconds     xd      x      g     residual    xdpeak    xpeak    gpeak    prediction    predictionpeak    oraclepeak    speed    sigma    lambdamin    lambdamax    alpha    limited    equality    inequality    tc4    tc6
    ___________    _____    _____    _____    ________    _____    _____    _________    ___    ___    ___    ________    ______    _____    _____    __________    ______________    __________    _____    _____    _________    _________    _____    _______    ________    __________    ___    ___

    "main"         1e-07    1e-09    "M3"      false        0        0       0.076543    NaN    NaN    NaN      NaN        NaN       NaN      NaN        NaN             NaN             NaN         NaN      NaN        NaN          NaN        NaN       NaN        NaN          NaN        NaN    NaN
    "main"         1e-07    1e-09    "M5"      false        0        0      0.0041945    NaN    NaN    NaN      NaN        NaN       NaN      NaN        NaN             NaN             NaN         NaN      NaN        NaN          NaN        NaN       NaN        NaN          NaN        NaN    NaN
    "main"         1e-07    1e-09    "M6"      false        0        0      0.0027385    NaN    NaN    NaN      NaN        NaN       NaN      NaN        NaN             NaN             NaN         NaN      NaN        NaN          NaN        NaN       NaN        NaN          NaN        NaN    NaN
    "main"         1e-07    1e-09    "M7"      false        0        0      0.0024592    NaN    NaN    NaN      NaN        NaN       NaN      NaN        NaN             NaN             NaN         NaN      NaN        NaN          NaN        NaN       NaN        NaN          NaN        NaN    NaN
    "precision"    1e-09    1e-11    "M3"      false        0        0       0.006167    NaN    NaN    NaN      NaN        NaN       NaN      NaN        NaN             NaN             NaN         NaN      NaN        NaN          NaN        NaN       NaN        NaN          NaN        NaN    NaN
    "precision"    1e-09    1e-11    "M5"      false        0        0      0.0015264    NaN    NaN    NaN      NaN        NaN       NaN      NaN        NaN             NaN             NaN         NaN      NaN        NaN          NaN        NaN       NaN        NaN          NaN        NaN    NaN
    "precision"    1e-09    1e-11    "M6"      false        0        0       0.001609    NaN    NaN    NaN      NaN        NaN       NaN      NaN        NaN             NaN             NaN         NaN      NaN        NaN          NaN        NaN       NaN        NaN          NaN        NaN    NaN
    "precision"    1e-09    1e-11    "M7"      false        0        0      0.0016856    NaN    NaN    NaN      NaN        NaN       NaN      NaN        NaN             NaN             NaN         NaN      NaN        NaN          NaN        NaN       NaN        NaN          NaN        NaN    NaN

    model    gdiff    xdiff    rmserel    residualrel
    _____    _____    _____    _______    ___________

    "M3"      NaN      NaN       NaN          NaN    
    "M5"      NaN      NaN       NaN          NaN    
    "M6"      NaN      NaN       NaN          NaN    
    "M7"      NaN      NaN       NaN          NaN    

