严格数据验收 1/4 M8 h1e-5
严格数据验收 2/4 M8a h1e-5
严格数据验收 3/4 M8a h1e-6
严格数据验收 4/4 VFCR-S
        passed: 1
          hash: 1
          same: 1
        points: 29837
       refined: 53837
     reference: 3.8901e-12
    derivative: 5.2733e-15

       model       calls    interpolation    metric     weighted         xd            x             g           gpeak        residual     refinedxd      refinedx      refinedg     refinedgpeak    refinedresidual    rmsrelative    peakrelative
    ___________    _____    _____________    ______    __________    __________    __________    __________    __________    __________    __________    __________    __________    ____________    _______________    ___________    ____________

    "M8 h1e-5"     45443          0            0       3.2526e-19    2.9464e-09    0.00050644     2.846e-08    9.7984e-06     1.315e-08    2.9464e-09    0.00050644    2.8461e-08     9.7989e-06        1.315e-08        4.545e-05      5.6404e-05 
    "M8a h1e-5"    38221          0            0       2.1684e-19    2.9661e-09    0.00050644     9.853e-09    1.6009e-06    9.1343e-09     2.966e-09    0.00050644    9.8565e-09     1.6009e-06       9.1343e-09        0.0003552               0 
    "M8a h1e-6"    36558          0            0       2.1684e-19    2.9656e-10    0.00050644    9.8522e-10    1.5998e-07    9.1334e-10    2.9656e-10    0.00050644    9.8557e-10     1.5998e-07       9.1335e-10       0.00035566      1.4115e-06 
    "VFCR-S"       41784          0            0       1.0842e-19     1.936e-11    0.00050644    5.6045e-11    5.6478e-09    8.5832e-11     1.936e-11    0.00050644    5.6078e-11     5.6501e-09       8.5832e-11       0.00059422      0.00040612 

       model        strictxd     tighterxd     xdrelative     strictg       tighterg     grelative     strictgpeak    tightergpeak    peakrelative    strictresidual    tighterresidual    residualrelative    xdifference    gdifference
    ___________    __________    __________    __________    __________    __________    __________    ___________    ____________    ____________    ______________    _______________    ________________    ___________    ___________

    "M8 h1e-5"     2.9462e-09    2.9464e-09    5.4935e-05    2.8459e-08     2.846e-08    3.6678e-05    9.7976e-06      9.7984e-06      7.4866e-05       1.3151e-08         1.315e-08          7.0197e-05       1.5027e-11     3.4179e-11 
    "M8a h1e-5"     2.966e-09    2.9661e-09    2.8568e-06    9.8642e-09     9.853e-09     0.0011339    1.6029e-06      1.6009e-06       0.0012239       9.1342e-09        9.1343e-09          4.1889e-06       1.4663e-11     3.4365e-11 
    "M8a h1e-6"    2.9677e-10    2.9656e-10    0.00070035    9.9653e-10    9.8522e-10      0.011477    1.6191e-07      1.5998e-07        0.012023       9.1396e-10        9.1334e-10          0.00067447       1.4071e-11     3.4008e-11 
    "VFCR-S"       8.5521e-10     1.936e-11        43.174    2.5327e-09    5.6045e-11         44.19    2.2672e-07      5.6478e-09          39.144       4.0888e-09        8.5832e-11              46.637       8.3603e-10     2.4769e-09 

