验收新模型 1/9 M8
验收新模型 2/9 M8A
验收新模型 3/9 M8
验收新模型 4/9 M8A
验收新模型 5/9 M8A
验收新模型 6/9 M8
验收新模型 7/9 M8
验收新模型 8/9 M8
验收新模型 9/9 M8A
加密评估 1/9 M8
加密评估 2/9 M8A
加密评估 3/9 M8
加密评估 4/9 M8A
加密评估 5/9 M8A
加密评估 6/9 M8
加密评估 7/9 M8
加密评估 8/9 M8
加密评估 9/9 M8A
验收旧基准 1/6 M3
验收旧基准 2/6 M5
验收旧基准 3/6 M6 k0.05
验收旧基准 4/6 M6 k0.01
验收旧基准 5/6 M7
验收旧基准 6/6 VFCR-S
      reference: 0
       residual: 3.4778e-12
       velocity: 0
         points: 29837
        refined: 53837
           bias: 5.0644e-04
    refinedbias: 5.0644e-04
        rawlast: 1.5676
       rawcalls: 500001
           hash: 1
           same: 1
         passed: 1

       model       rtol     atol     calls    interpolation    metric     weighted         xd            x             g           gpeak        residual 
    ___________    _____    _____    _____    _____________    ______    __________    __________    __________    __________    __________    __________

    "M8"           1e-07    1e-09     7882          0            0       1.0842e-19    3.3081e-09    0.00050644    2.8701e-08     9.741e-06    1.3297e-08
    "M8a"          1e-07    1e-09     8851          0            0       3.3087e-24    3.4065e-09    0.00050644    1.1117e-08    1.6972e-06    1.3431e-08
    "M8"           1e-09    1e-11    15786          0            0        5.421e-19    2.9462e-09    0.00050644    2.8459e-08    9.7976e-06    1.3151e-08
    "M8a"          1e-09    1e-11    16644          0            0       1.0842e-19     2.966e-09    0.00050644    9.8642e-09    1.6029e-06    9.1342e-09
    "M8a fixed"    1e-09    1e-11    15742          0            0       4.3368e-19    2.9475e-09    0.00050644    1.0587e-08    2.0231e-06    9.1281e-09
    "M8 lp1e-9"    1e-09    1e-11    15806          0            0       1.0842e-19    3.0201e-09    0.00050644    3.2906e-07    0.00011515    1.4905e-07
    "M8 lp1e-8"    1e-09    1e-11    15755          0            0       2.1684e-19    7.9633e-09    0.00050644    3.3375e-06     0.0011637    1.5073e-06
    "M8 h1e-6"     1e-09    1e-11    15197          0            0        5.421e-19    3.0222e-10    0.00050644    3.2913e-08    1.1519e-05     1.491e-08
    "M8a h1e-6"    1e-09    1e-11    16698          0            0       4.3368e-19    2.9677e-10    0.00050644    9.9653e-10    1.6191e-07    9.1396e-10

    model    xdifference    gdifference    xdabsolute    xdrelative    peakrelative
    _____    ___________    ___________    __________    __________    ____________

    "M8"     1.4159e-09     3.0124e-09     3.6186e-10     0.12282       0.0057815  
    "M8a"    1.5485e-09     3.1106e-09      4.405e-10     0.14852        0.058816  

       model       rtol         xd            x             g           gpeak        residual     xdrelative    xrelative     grelative     peakrelative    residualrelative
    ___________    _____    __________    __________    __________    __________    __________    __________    __________    __________    ____________    ________________

    "M8"           1e-07    3.3088e-09    0.00050644    2.8705e-08     9.741e-06    1.3501e-08    0.00020298    6.1276e-06    0.00014217              0            0.0153   
    "M8a"          1e-07    3.4061e-09    0.00050644    1.1113e-08    1.6972e-06    1.3431e-08    0.00011712    6.1343e-06    0.00034933              0                 0   
    "M8"           1e-09    2.9462e-09    0.00050644     2.846e-08    9.7981e-06    1.3151e-08    1.0209e-05    6.1287e-06    4.3277e-05     4.8727e-05                 0   
    "M8a"          1e-09     2.966e-09    0.00050644    9.8675e-09    1.6029e-06    9.1342e-09    9.0744e-06    6.1288e-06    0.00033602              0                 0   
    "M8a fixed"    1e-09    2.9475e-09    0.00050644     1.059e-08    2.0234e-06    9.1282e-09     3.277e-06    6.1288e-06    0.00030148     0.00011121         7.372e-06   
    "M8 lp1e-9"    1e-09    3.0201e-09    0.00050644    3.2906e-07    0.00011515    1.4906e-07    1.4856e-05    6.1288e-06    5.8939e-07              0        5.7014e-05   
    "M8 lp1e-8"    1e-09    7.9632e-09    0.00050644    3.3375e-06     0.0011637    1.5073e-06    1.7012e-05    6.1292e-06    6.7145e-08              0        3.0014e-05   
    "M8 h1e-6"     1e-09     3.022e-10    0.00050644    3.2913e-08    1.1519e-05    1.4911e-08    5.9655e-05    6.1286e-06    4.3144e-07              0        3.9028e-05   
    "M8a h1e-6"    1e-09    2.9676e-10    0.00050644    9.9676e-10    1.6191e-07      9.14e-10    2.9877e-05    6.1286e-06    0.00023039              0        4.4846e-05   

      model       rtol     atol     calls    seconds        xd            x             g           gpeak        residual     refinedxd      refinedx      refinedg     refinedgpeak    refinedresidual    rmsrelative    peakrelative
    __________    _____    _____    _____    _______    __________    __________    __________    __________    __________    __________    __________    __________    ____________    _______________    ___________    ____________

    "M3"          1e-09    1e-11    15285    1.6562     0.00045467    0.00067603     0.0074695       0.48376      0.018694    0.00045466    0.00067604     0.0074694        0.48376         0.018694        2.517e-05      4.4842e-08 
    "M5"          1e-09    1e-11    15860    2.2062     9.2296e-07    0.00050644    0.00036422      0.096832    0.00019638    9.2296e-07    0.00050645    0.00036422       0.096832       0.00019638       6.9516e-06      1.5619e-05 
    "M6 k0.05"    1e-09    1e-11    19100    2.2583     1.2036e-05     0.0005067    5.6504e-05      0.014389    1.6787e-05    1.2036e-05    0.00050671    5.6537e-05        0.01439       1.6787e-05       0.00058507      5.2343e-05 
    "M6 k0.01"    1e-09    1e-11    16727    2.8141     2.4065e-06    0.00050647    9.9718e-06     0.0024052    3.0428e-06    2.4065e-06    0.00050647    9.9794e-06      0.0024054       3.0428e-06       0.00075868      0.00011024 
    "M7"          1e-09    1e-11    18811    2.6828     1.6566e-05    0.00050641    4.9967e-05      0.011928    1.7548e-05    1.6566e-05    0.00050641    5.0004e-05       0.011928       1.7548e-05         0.000755      4.3369e-06 
    "VFCR-S"      1e-09    1e-11    20514    4.4391     8.5521e-10    0.00050644    2.5327e-09    2.2672e-07    4.0888e-09    8.5519e-10    0.00050644    2.5348e-09     2.2672e-07       4.0888e-09       0.00082188               0 

